// Jest Snapshot v1, https://goo.gl/fbAQLP

exports[`SliderWork component renders the slider with level of work correctly renders correctly 1`] = `
<div
  className="rc-slider rc-slider-with-marks"
  onBlur={[Function]}
  onFocus={[Function]}
  onKeyDown={[Function]}
  onMouseDown={[Function]}
  onMouseUp={[Function]}
  onTouchStart={[Function]}
  style={undefined}
>
  <div
    className="rc-slider-rail"
    style={Object {}}
  />
  <div
    className="rc-slider-track"
    style={
      Object {
        "left": "0%",
        "visibility": "hidden",
        "width": "66.66666666666667%",
      }
    }
  />
  <div
    className="rc-slider-step"
  >
    <span
      className="rc-slider-dot"
      style={
        Object {
          "left": "0%",
        }
      }
    />
    <span
      className="rc-slider-dot"
      style={
        Object {
          "left": "100%",
        }
      }
    />
    <span
      className="rc-slider-dot"
      style={
        Object {
          "left": "33.333333333333336%",
        }
      }
    />
    <span
      className="rc-slider-dot rc-slider-dot-active"
      style={
        Object {
          "left": "66.66666666666667%",
        }
      }
    />
  </div>
  <div
    aria-disabled={false}
    aria-valuemax={100}
    aria-valuemin={0}
    aria-valuenow={66.66666666666667}
    className="rc-slider-handle"
    role="slider"
    style={
      Object {
        "left": "66.66666666666667%",
      }
    }
    tabIndex={0}
  />
  <div
    className="rc-slider-mark"
  >
    <span
      className="rc-slider-mark-text"
      style={
        Object {
          "left": "0%",
          "marginLeft": "-15.000000000000002%",
          "width": "30.000000000000004%",
        }
      }
    >
      Brak pracy
    </span>
    <span
      className="rc-slider-mark-text"
      style={
        Object {
          "left": "33.333333333333336%",
          "marginLeft": "-15.000000000000002%",
          "width": "30.000000000000004%",
        }
      }
    >
      Lekka praca
    </span>
    <span
      className="rc-slider-mark-text rc-slider-mark-text-active"
      style={
        Object {
          "left": "66.66666666666667%",
          "marginLeft": "-15.000000000000002%",
          "width": "30.000000000000004%",
        }
      }
    >
      Średnia praca
    </span>
    <span
      className="rc-slider-mark-text"
      style={
        Object {
          "left": "100%",
          "marginLeft": "-15.000000000000002%",
          "width": "30.000000000000004%",
        }
      }
    >
      Cięzka praca
    </span>
  </div>
</div>
`;
